23:36:25,389 |-INFO in ch.qos.logback.classic.LoggerContext[default] - Found logback-core version 1.5.38
23:36:25,390 |-INFO in ch.qos.logback.classic.util.ContextInitializer@60b4beb4 - Here is a list of configurators discovered as a service, by rank: 
23:36:25,390 |-INFO in ch.qos.logback.classic.util.ContextInitializer@60b4beb4 -   org.springframework.boot.logging.logback.RootLogLevelConfigurator
23:36:25,390 |-INFO in ch.qos.logback.classic.util.ContextInitializer@60b4beb4 - They will be invoked in order until ExecutionStatus.DO_NOT_INVOKE_NEXT_IF_ANY is returned.
23:36:25,390 |-INFO in ch.qos.logback.classic.util.ContextInitializer@60b4beb4 - Constructed configurator of type class org.springframework.boot.logging.logback.RootLogLevelConfigurator
23:36:25,392 |-INFO in ch.qos.logback.classic.util.ContextInitializer@60b4beb4 - org.springframework.boot.logging.logback.RootLogLevelConfigurator.configure() call lasted 1 milliseconds. ExecutionStatus=INVOKE_NEXT_IF_ANY
23:36:25,392 |-INFO in ch.qos.logback.classic.util.ContextInitializer@60b4beb4 - Trying to configure with ch.qos.logback.classic.util.DefaultJoranConfigurator
23:36:25,392 |-INFO in ch.qos.logback.classic.util.ContextInitializer@60b4beb4 - Constructed configurator of type class ch.qos.logback.classic.util.DefaultJoranConfigurator
23:36:25,392 |-INFO in ch.qos.logback.classic.LoggerContext[default] - Could NOT find resource [logback-test.xml]
23:36:25,393 |-INFO in ch.qos.logback.classic.LoggerContext[default] - Found resource [logback.xml] at [file:/Users/phoebej/Develop/Java/FengYu/FengYu/target/classes/logback.xml]
23:36:25,393 |-WARN in ch.qos.logback.classic.util.DefaultJoranConfigurator@7fcf2fc1 - Resource [logback.xml] occurs multiple times on the classpath.
23:36:25,393 |-WARN in ch.qos.logback.classic.util.DefaultJoranConfigurator@7fcf2fc1 - Resource [logback.xml] occurs at [jar:file:/Users/phoebej/Develop/Java/FengYu/FengYu/target/FengYu-4.0.0-rc.2.jar!/logback.xml]
23:36:25,393 |-WARN in ch.qos.logback.classic.util.DefaultJoranConfigurator@7fcf2fc1 - Resource [logback.xml] occurs at [file:/Users/phoebej/Develop/Java/FengYu/FengYu/target/classes/logback.xml]
23:36:25,445 |-INFO in ch.qos.logback.classic.model.processor.ConfigurationModelHandlerFull - Scan attribute set to true. Will scan for configuration file changes.
23:36:25,448 |-INFO in ch.qos.logback.core.model.processor.ModelInterpretationContext@2141a12 - value ".fengyu/logs" substituted for "${fengyu.log.dir:-.fengyu/logs}"
23:36:25,449 |-INFO in ch.qos.logback.classic.model.processor.ConfigurationModelHandlerFull - Registering a new ReconfigureOnChangeTask ReconfigureOnChangeTask(born:1789745785448)
23:36:25,449 |-INFO in ch.qos.logback.classic.model.processor.ConfigurationModelHandlerFull - Will scan for changes in [/Users/phoebej/Develop/Java/FengYu/FengYu/target/classes/logback.xml] 
23:36:25,449 |-INFO in ch.qos.logback.classic.model.processor.ConfigurationModelHandlerFull - Setting ReconfigureOnChangeTask scanning period to 30 seconds
23:36:25,450 |-INFO in ch.qos.logback.classic.model.processor.ConfigurationModelHandlerFull - Main configuration file URL: file:/Users/phoebej/Develop/Java/FengYu/FengYu/target/classes/logback.xml
23:36:25,450 |-INFO in ch.qos.logback.classic.model.processor.ConfigurationModelHandlerFull - FileWatchList= {/Users/phoebej/Develop/Java/FengYu/FengYu/target/classes/logback.xml}
23:36:25,450 |-INFO in ch.qos.logback.classic.model.processor.ConfigurationModelHandlerFull - URLWatchList= {}
23:36:25,452 |-INFO in ch.qos.logback.core.model.processor.ModelInterpretationContext@2141a12 - value ".fengyu/logs/fengyu.log" substituted for "${LOG_DIR}/fengyu.log"
23:36:25,452 |-INFO in ch.qos.logback.core.model.processor.ModelInterpretationContext@2141a12 - value ".fengyu/logs/fengyu.%d{yyyy-MM-dd}.log.gz" substituted for "${LOG_DIR}/fengyu.%d{yyyy-MM-dd}.log.gz"
23:36:25,452 |-INFO in ch.qos.logback.core.model.processor.ModelInterpretationContext@2141a12 - value ".fengyu/logs/plugin-pluginId_IS_UNDEFINED.log" substituted for "${LOG_DIR}/plugin-${pluginId}.log"
23:36:25,452 |-INFO in ch.qos.logback.core.model.processor.ModelInterpretationContext@2141a12 - value ".fengyu/logs/plugin-pluginId_IS_UNDEFINED.%d{yyyy-MM-dd}.%i.log.gz" substituted for "${LOG_DIR}/plugin-${pluginId}.%d{yyyy-MM-dd}.%i.log.gz"
23:36:25,452 |-INFO in ch.qos.logback.core.model.processor.ModelInterpretationContext@2141a12 - value "PLUGIN_FILE-pluginId_IS_UNDEFINED" substituted for "PLUGIN_FILE-${pluginId}"
23:36:25,452 |-INFO in ch.qos.logback.core.model.processor.AppenderModelHandler - Processing appender named [CONSOLE]
23:36:25,453 |-INFO in ch.qos.logback.core.model.processor.AppenderModelHandler - About to instantiate appender of type [ch.qos.logback.core.ConsoleAppender]
23:36:25,456 |-INFO in ch.qos.logback.core.model.processor.ImplicitModelHandler - Assuming default type [ch.qos.logback.classic.encoder.PatternLayoutEncoder] for [encoder] property
23:36:25,471 |-INFO in ch.qos.logback.core.ConsoleAppender[CONSOLE] - NOTE: Writing to the console can be slow. Try to avoid logging to the 
23:36:25,471 |-INFO in ch.qos.logback.core.ConsoleAppender[CONSOLE] - console in production environments, especially in high volume systems.
23:36:25,471 |-INFO in ch.qos.logback.core.ConsoleAppender[CONSOLE] - See also https://logback.qos.ch/codes.html#slowConsole
23:36:25,471 |-INFO in ch.qos.logback.core.model.processor.AppenderModelHandler - Processing appender named [FILE]
23:36:25,471 |-INFO in ch.qos.logback.core.model.processor.AppenderModelHandler - About to instantiate appender of type [ch.qos.logback.core.rolling.RollingFileAppender]
23:36:25,473 |-INFO in ch.qos.logback.core.model.processor.ModelInterpretationContext@2141a12 - value ".fengyu/logs/fengyu.log" substituted for "${LOG_DIR}/fengyu.log"
23:36:25,474 |-INFO in ch.qos.logback.core.model.processor.ModelInterpretationContext@2141a12 - value ".fengyu/logs/fengyu.%d{yyyy-MM-dd}.log.gz" substituted for "${LOG_DIR}/fengyu.%d{yyyy-MM-dd}.log.gz"
23:36:25,477 |-INFO in c.q.l.core.rolling.TimeBasedRollingPolicy@1100399456 - setting totalSizeCap to 200 MB
23:36:25,477 |-INFO in c.q.l.core.rolling.TimeBasedRollingPolicy@1100399456 - Will use gz compression
23:36:25,479 |-INFO in c.q.l.core.rolling.TimeBasedRollingPolicy@1100399456 - Will use the pattern .fengyu/logs/fengyu.%d{yyyy-MM-dd}.log for the active file
23:36:25,494 |-INFO in c.q.l.core.rolling.DefaultTimeBasedFileNamingAndTriggeringPolicy - The date pattern is 'yyyy-MM-dd' from file name pattern '.fengyu/logs/fengyu.%d{yyyy-MM-dd}.log.gz'.
23:36:25,494 |-INFO in c.q.l.core.rolling.DefaultTimeBasedFileNamingAndTriggeringPolicy - Roll-over at midnight.
23:36:25,494 |-INFO in c.q.l.core.rolling.DefaultTimeBasedFileNamingAndTriggeringPolicy - Setting initial period to 2026-09-18T15:04:34.215Z
23:36:25,495 |-INFO in ch.qos.logback.core.model.processor.ImplicitModelHandler - Assuming default type [ch.qos.logback.classic.encoder.PatternLayoutEncoder] for [encoder] property
23:36:25,496 |-INFO in ch.qos.logback.core.rolling.RollingFileAppender[FILE] - Active log file name: .fengyu/logs/fengyu.log
23:36:25,496 |-INFO in ch.qos.logback.core.rolling.RollingFileAppender[FILE] - File property is set to [.fengyu/logs/fengyu.log]
23:36:25,496 |-INFO in ch.qos.logback.core.model.processor.AppenderModelHandler - Processing appender named [PLUGIN_FILE]
23:36:25,496 |-INFO in ch.qos.logback.core.model.processor.AppenderModelHandler - About to instantiate appender of type [ch.qos.logback.classic.sift.SiftingAppender]
23:36:25,498 |-INFO in ch.qos.logback.classic.model.processor.LoggerModelHandler - Setting level of logger [org.apache.ibatis] to WARN
23:36:25,498 |-INFO in ch.qos.logback.classic.model.processor.LoggerModelHandler - Setting level of logger [org.mybatis] to WARN
23:36:25,498 |-INFO in ch.qos.logback.classic.model.processor.LoggerModelHandler - Setting level of logger [org.simplejavamail] to INFO
23:36:25,498 |-INFO in ch.qos.logback.classic.model.processor.LoggerModelHandler - Setting level of logger [org.eclipse.angus] to WARN
23:36:25,498 |-INFO in ch.qos.logback.classic.model.processor.LoggerModelHandler - Setting level of logger [com.h2database] to WARN
23:36:25,498 |-INFO in ch.qos.logback.classic.model.processor.LoggerModelHandler - Setting level of logger [org.apache.poi] to WARN
23:36:25,498 |-INFO in ch.qos.logback.classic.model.processor.LoggerModelHandler - Setting level of logger [org.apache.fesod] to WARN
23:36:25,499 |-INFO in ch.qos.logback.classic.model.processor.LoggerModelHandler - Setting level of logger [javafx] to INFO
23:36:25,499 |-INFO in ch.qos.logback.classic.model.processor.LoggerModelHandler - Setting level of logger [fan.summer] to INFO
23:36:25,499 |-INFO in ch.qos.logback.classic.model.processor.LoggerModelHandler - Setting level of logger [plugin] to INFO
23:36:25,499 |-INFO in ch.qos.logback.classic.model.processor.LoggerModelHandler - Setting additivity of logger [plugin] to true
23:36:25,499 |-INFO in ch.qos.logback.core.model.processor.AppenderRefModelHandler - Attaching appender named [PLUGIN_FILE] to Logger[plugin]
23:36:25,499 |-INFO in ch.qos.logback.classic.model.processor.RootLoggerModelHandler - Setting level of ROOT logger to INFO
23:36:25,499 |-INFO in ch.qos.logback.core.model.processor.AppenderRefModelHandler - Attaching appender named [CONSOLE] to Logger[ROOT]
23:36:25,499 |-INFO in ch.qos.logback.core.model.processor.AppenderRefModelHandler - Attaching appender named [FILE] to Logger[ROOT]
23:36:25,499 |-INFO in ch.qos.logback.core.model.processor.DefaultProcessor@41294f8 - End of configuration.
23:36:25,500 |-INFO in ch.qos.logback.classic.joran.JoranConfigurator@225129c - Registering current configuration as safe fallback point
23:36:25,500 |-INFO in ch.qos.logback.classic.util.ContextInitializer@60b4beb4 - ch.qos.logback.classic.util.DefaultJoranConfigurator.configure() call lasted 108 milliseconds. ExecutionStatus=DO_NOT_INVOKE_NEXT_IF_ANY

23:36:25.578 WARN  [main] f.summer.fengyu.ai.ChatArtifactStore - Could not register chat artifact result.bin: java.lang.IllegalStateException: Pending artifact storage is full — save or clear earlier results
registered=0, originalOutputExists=false
