✔ inspects a normal archive and reports entry metadata (10.727083ms)
✔ rejects zip-slip traversal entries (2.072708ms)
✔ rejects duplicate entries (2.729083ms)
✔ rejects non-canonical archive path aliases (7.095291ms)
✔ rejects an archive expanding past 300 MB (8.934917ms)
✔ rejects an archive file larger than 100 MB (6.716375ms)
✔ rejects absolute archive entry paths (2.422667ms)
✔ parses the flat build command without treating option values as paths (3.00425ms)
✔ parses init options (0.137084ms)
✔ unknown and valueless options are rejected (0.26175ms)
✔ standard lifecycle runs npm and Maven phases in order (89.22875ms)
✔ a yarn.lock ui-src drives the lifecycle through yarn (54.874458ms)
✔ skipTests omits both test phases but keeps build/package (30.987125ms)
✔ ui build failure leaves no fyp, tmp, or staging (10.315334ms)
✔ worker build failure leaves no fyp, tmp, or staging (9.939ms)
✔ missing worker artifact fails validation with no partial output (9.430333ms)
✔ backend manifests require a conventional Maven worker (8.635375ms)
✔ ui entry must be a regular file, not merely an existing directory (10.795084ms)
✔ packaged backend rejects an unknown field (additionalProperties: false) (9.091417ms)
✔ worker JAR Main-Class must resolve to a class entry (8.110709ms)
✔ assembleStaging copies manifest, ui output, and worker jar only (17.735541ms)
✔ legacy static plugin still packages via staging (6.484667ms)
✔ legacy vue-vite plugin runs frontend build then packages (11.69225ms)
✔ check passes a clean ui-source plugin (fresh scaffold, no install) (13.021833ms)
✔ check fails when deps are installed without a committed lockfile (7.569458ms)
✔ check passes once a lockfile is committed alongside node_modules (6.917209ms)
✔ check fails on inconsistent @infinia/* versions (4.024ms)
✔ check fails on duplicate permissions (6.931709ms)
✔ check error is structured (carries the manifest file path) (9.812875ms)
fengyu <init|dev|check|generate|build|sign|migrate> [path] [options]
  init: --runtime <java|python|go> | --ui-only
  generate: code-first projects only (manifest.base.json)
  sign: --key <private.pem> --key-id <publisher-id>
  migrate: manifest-codegen <path> — one-shot code-first migration draft
fengyu <init|dev|check|generate|build|sign|migrate> [path] [options]
  init: --runtime <java|python|go> | --ui-only
  generate: code-first projects only (manifest.base.json)
  sign: --key <private.pem> --key-id <publisher-id>
  migrate: manifest-codegen <path> — one-shot code-first migration draft
✔ unknown subcommand throws instead of exiting 0 (0.79075ms)
✔ missing group throws (0.182417ms)
✔ non-plugin group throws (0.121125ms)
✔ explicit --help resolves (success) and prints usage (0.427542ms)
✔ resolves maven token to the wrapper script on linux (11.767167ms)
✔ resolves maven token to mvnw.cmd on windows (5.111458ms)
✔ missing wrapper throws a precise error and never falls back to system maven (1.239458ms)
✔ non-maven commands are passed through unchanged (0.189583ms)
✔ github token is mapped into the child environment for maven commands (4.27075ms)
✔ runCommand remains a thin spawner that resolves on zero exit (44.5675ms)
✔ normalizeSemver extracts the X.Y.Z core from range syntax (2.366084ms)
✔ normalizeSemver returns null for links, urls, and unresolvable specs (0.241459ms)
✔ collectNpmToolingVersions keeps only concrete @infinia/* versions (0.864583ms)
✔ collectNpmToolingVersions ignores non-infinia packages (0.54275ms)
✔ extractMavenSdkVersion resolves a ${property} against the pom properties (0.308167ms)
✔ extractMavenSdkVersion reads a concrete inline version (0.137ms)
✔ extractMavenSdkVersion returns null when the version is parent-managed (absent) (0.05725ms)
✔ extractMavenSdkVersion returns null when no sdk dependency exists (0.059291ms)
✔ checkLockfile is a no-op when deps are not installed (fresh scaffold) (8.999542ms)
✔ checkLockfile flags node_modules without a lockfile (6.147542ms)
✔ checkLockfile passes when a lockfile is committed alongside node_modules (7.71375ms)
✔ checkLockfile is a no-op for a static-UI project (no package.json root) (15.464667ms)
✔ version consistency passes when all @infinia/* agree (11.521208ms)
✔ version consistency is a no-op for workspace file: links (5.593125ms)
✔ version consistency flags disagreeing @infinia/* versions (6.001583ms)
✔ version consistency flags npm vs Maven SDK mismatch (5.21775ms)
✔ version consistency passes when npm and Maven agree on the same X.Y.Z (6.208667ms)
✔ create defaults to Vue plus Java worker (152.41875ms)
✔ full scaffold preserves the Maven wrapper mode and resolves the worker artifact (31.144542ms)
✔ full template install runs npm inside ui-src (16.486667ms)
✔ uiOnly retains the lightweight template (5.974375ms)
✔ uiOnly install runs npm in the project root (4.980834ms)
✖ scaffolds Python and Go workers with code-first contracts (42.712625ms)
✔ rejects unknown worker runtimes (0.63ms)
✔ --no-install keeps a complete scaffold without invoking npm (18.056916ms)
✔ install failure preserves generated files (10.257459ms)
✔ rejects a plugin id that fails the canonical manifest pattern (0.339709ms)
✔ rejects a single-segment id (must have at least one separator) (0.141459ms)
✔ rejects digit-leading id segments for code scaffolds but allows them UI-only (3.945667ms)
✔ dev surfaces an actionable diagnostic when UI deps are not installed (6.191916ms)
✔ dev proceeds to npm run dev once dependencies are present (4.950208ms)
✔ code-first dev generates the manifest consumed by Vite before starting it (709.477625ms)
✔ dev requires a Vite UI source tree (0.658292ms)
✔ renderError formats a structured problem/file/fix block (0.578292ms)
✔ renderError renders a plain Error as just the problem line (no file/fix) (0.11875ms)
✔ renderError never emits ANSI color, even from an interactive-looking message (0.088042ms)
✔ stripAnsi removes color escapes (0.05375ms)
✔ FengYuCliError is an Error carrying optional metadata (0.625208ms)
✔ isInteractive is true only for a TTY without CI/NO_COLOR (0.112666ms)
✔ two consecutive TS generations are byte-for-byte identical (7.63375ms)
✔ two consecutive Java generations are byte-for-byte identical (9.334ms)
✔ generation is independent of rpc.methods key order (0.270583ms)
✔ TS output matches the committed golden fengyu-rpc.ts (2.914208ms)
✔ Java output matches the committed golden files (4.850417ms)
✔ a manifest with no rpc.methods produces no generated files (0.56925ms)
✔ a method without outputSchema resolves its return type to unknown (0.197083ms)
✔ an unsupported JSON-schema type is rejected, not coerced (0.368708ms)
✔ writeGenerated then checkDrift reports no errors (25.558125ms)
✔ a stale generated file is reported by checkDrift (17.273541ms)
✔ a missing generated file is reported by checkDrift (13.52025ms)
✔ generatedFilesFor resolves TS and Java paths from the project model (0.310333ms)
✔ Java emits a nested record declaration for array-of-object fields (not just the reference) (0.196125ms)
✔ Java emits a real enum for a closed string-enum field (constant == wire value, no @SerializedName) (0.192542ms)
✔ Java falls back to String when an enum value is not a valid Java identifier (0.08ms)
✔ pascal() handles underscore method names: excel_complex_config → ExcelComplexConfig (0.080125ms)
✔ local consumer credentials do not leak into tooling package tests (3.678459ms)
✔ detectManifestMode rejects having both authoring sources (5.360792ms)
✔ readCodeFirstSources rejects a base that declares rpc (3.437291ms)
✔ readCodeFirstSources rejects out-of-bounds flow overlay fields (3.049875ms)
✔ merge validates IR formatVersion and pluginId against the base (0.347625ms)
✔ merge without a contract IR fails (no silent empty rpc) (0.086542ms)
✔ merge assembles rpc/aiTools/flowNodes/i18n from disjoint sources (0.508125ms)
✔ canonicalJson is deterministic and key-sorted (0.143917ms)
✔ a display-only overlay for a real result field passes validation (1.8975ms)
✔ output overlay cannot invent a field absent from the worker result (0.268041ms)
✔ flow overlays reject executable schema fields (0.579292ms)
✔ duplicate output names fail (0.139042ms)
✔ valid analyze context with flat and keyed feeds passes (0.396375ms)
✔ context method must exist in rpc.methods (0.155958ms)
✔ context params must name real parameters (0.132041ms)
✔ sessionScope=node requires a session parameter (0.15375ms)
✔ feed list must resolve to an array field (0.081459ms)
✔ optionsFromContext must reference a declared feed (0.103167ms)
✔ keyedBy must reference a row field or node input (0.094ms)
✔ validation errors carry the IR origin of the referenced rpc method (0.208208ms)
✔ minimal ui-only v2 manifest has no errors (4.899292ms)
✔ complete v2 manifest (backend + rpc + aiTools + i18n) has no errors (1.649125ms)
✔ file input metadata is typed and access-scoped (0.883041ms)
✔ file input metadata requires matching plugin permissions (1.488208ms)
✔ rejects an unknown root property (additionalProperties: false) (0.912083ms)
✔ rejects inputSchema written as an escaped JSON string (0.683166ms)
✔ rejects a duplicate rpc.methods key (raw-text duplicate-key scan) (0.983667ms)
✔ rejects an aiTools.method that is not declared in rpc.methods (0.7585ms)
✔ rejects an invalid i18n locale key (1.123625ms)
✔ duplicate aiTools names are rejected (0.200542ms)
✔ aiTools idempotent is optional boolean retry metadata (0.131625ms)
✔ a declared backend requires at least one rpc.methods entry (0.081333ms)
✔ rpc.methods timeoutSeconds outside [1, 600] is rejected (0.072666ms)
✔ backend.callTimeoutSeconds outside [1, 600] is rejected (0.064625ms)
✔ backend worker-tree resource limits are bounded (0.0835ms)
✔ i18n aiTools override referencing an unknown tool is rejected (1.849041ms)
✔ validateProjectManifest resolves a v2 fixture from a real project root (5.801292ms)
✔ flowNodes referencing an unknown tool is rejected (1.255209ms)
✔ flowNode input naming a parameter the worker does not accept is rejected (1.155458ms)
✔ flowNode inputs against a parameter-less tool are rejected (0.555708ms)
✔ flowNode widget/type pairs that cannot be satisfied are rejected (0.571917ms)
✔ flowNode select options accept {value,label} pairs (0.484958ms)
✔ localized flow deltas cannot reference stale tools, ports, or properties (1.499125ms)
✔ official plugin manifests pass the flowNodes cross-check (2.288791ms)
WARNING: A terminally deprecated method in sun.misc.Unsafe has been called
WARNING: sun.misc.Unsafe::staticFieldBase has been called by com.google.inject.internal.aop.HiddenClassDefiner (file:/Users/phoebej/.m2/wrapper/dists/apache-maven-3.9.11/a2d47e15/lib/guice-5.1.0-classes.jar)
WARNING: Please consider reporting this to the maintainers of class com.google.inject.internal.aop.HiddenClassDefiner
WARNING: sun.misc.Unsafe::staticFieldBase will be removed in a future release
[INFO] Scanning for projects...
[INFO] 
[INFO] --------------< fan.summer.fengyu.plugin:plugin-markdown >--------------
[INFO] Building FengYu Plugin — Markdown 4.0.0-rc.2
[INFO]   from pom.xml
[INFO] --------------------------------[ jar ]---------------------------------
[INFO] 
[INFO] --- compiler:3.16.0:compile (fengyu-contract) @ plugin-markdown ---
[INFO] Nothing to compile - all classes are up to date.
[INFO] ------------------------------------------------------------------------
[INFO] BUILD SUCCESS
[INFO] ------------------------------------------------------------------------
[INFO] Total time:  0.339 s
[INFO] Finished at: 2026-09-19T12:09:39+08:00
[INFO] ------------------------------------------------------------------------
✔ official markdown is a standard CLI project that passes full check (1496.460708ms)
WARNING: A terminally deprecated method in sun.misc.Unsafe has been called
WARNING: sun.misc.Unsafe::staticFieldBase has been called by com.google.inject.internal.aop.HiddenClassDefiner (file:/Users/phoebej/.m2/wrapper/dists/apache-maven-3.9.11/a2d47e15/lib/guice-5.1.0-classes.jar)
WARNING: Please consider reporting this to the maintainers of class com.google.inject.internal.aop.HiddenClassDefiner
WARNING: sun.misc.Unsafe::staticFieldBase will be removed in a future release
[INFO] Scanning for projects...
[INFO] 
[INFO] ---------------< fan.summer.fengyu.plugin:plugin-excel >----------------
[INFO] Building FengYu Plugin — Excel Splitter 4.0.0-rc.2
[INFO]   from pom.xml
[INFO] --------------------------------[ jar ]---------------------------------
[INFO] 
[INFO] --- compiler:3.16.0:compile (fengyu-contract) @ plugin-excel ---
[INFO] Nothing to compile - all classes are up to date.
[INFO] ------------------------------------------------------------------------
[INFO] BUILD SUCCESS
[INFO] ------------------------------------------------------------------------
[INFO] Total time:  0.359 s
[INFO] Finished at: 2026-09-19T12:09:40+08:00
[INFO] ------------------------------------------------------------------------
✔ official excel is a standard CLI project that passes full check (1677.097125ms)
WARNING: A terminally deprecated method in sun.misc.Unsafe has been called
WARNING: sun.misc.Unsafe::staticFieldBase has been called by com.google.inject.internal.aop.HiddenClassDefiner (file:/Users/phoebej/.m2/wrapper/dists/apache-maven-3.9.11/a2d47e15/lib/guice-5.1.0-classes.jar)
WARNING: Please consider reporting this to the maintainers of class com.google.inject.internal.aop.HiddenClassDefiner
WARNING: sun.misc.Unsafe::staticFieldBase will be removed in a future release
[INFO] Scanning for projects...
[INFO] 
[INFO] ---------------< fan.summer.fengyu.plugin:plugin-email >----------------
[INFO] Building FengYu Plugin — Email Center 4.0.0-rc.2
[INFO]   from pom.xml
[INFO] --------------------------------[ jar ]---------------------------------
[INFO] 
[INFO] --- compiler:3.16.0:compile (fengyu-contract) @ plugin-email ---
[INFO] Nothing to compile - all classes are up to date.
[INFO] ------------------------------------------------------------------------
[INFO] BUILD SUCCESS
[INFO] ------------------------------------------------------------------------
[INFO] Total time:  0.408 s
[INFO] Finished at: 2026-09-19T12:09:42+08:00
[INFO] ------------------------------------------------------------------------
✔ official email is a standard CLI project that passes full check (1563.541125ms)
WARNING: A terminally deprecated method in sun.misc.Unsafe has been called
WARNING: sun.misc.Unsafe::staticFieldBase has been called by com.google.inject.internal.aop.HiddenClassDefiner (file:/Users/phoebej/.m2/wrapper/dists/apache-maven-3.9.11/a2d47e15/lib/guice-5.1.0-classes.jar)
WARNING: Please consider reporting this to the maintainers of class com.google.inject.internal.aop.HiddenClassDefiner
WARNING: sun.misc.Unsafe::staticFieldBase will be removed in a future release
[INFO] Scanning for projects...
[INFO] 
[INFO] -----------< fan.summer.fengyu.plugin:plugin-offlinepython >------------
[INFO] Building FengYu Plugin — Offline Python Builder 4.0.0-rc.2
[INFO]   from pom.xml
[INFO] --------------------------------[ jar ]---------------------------------
[INFO] 
[INFO] --- compiler:3.16.0:compile (fengyu-contract) @ plugin-offlinepython ---
[INFO] Nothing to compile - all classes are up to date.
[INFO] ------------------------------------------------------------------------
[INFO] BUILD SUCCESS
[INFO] ------------------------------------------------------------------------
[INFO] Total time:  0.253 s
[INFO] Finished at: 2026-09-19T12:09:43+08:00
[INFO] ------------------------------------------------------------------------
✔ official offlinepython is a standard CLI project that passes full check (1420.46925ms)
✔ official shell packager is removed (0.308541ms)
✔ official source packages directory is removed (0.168166ms)
✔ accepts packages with their required published files (0.675584ms)
✔ rejects missing or source-only files (0.226084ms)
✔ rejects package tests but permits generated-project test templates (0.11325ms)
✔ published tooling and generated consumers use the @infinia scope (5.413167ms)
✔ detectProject recognizes source and static standard projects (13.906458ms)
✔ resolves a tooling tag to a semantic version (0.623125ms)
✔ manual input takes precedence (0.139458ms)
✔ rejects unrelated or malformed tags (0.22025ms)
✔ rejects semantic versions with leading zeroes (0.118834ms)
✔ verifies every repository tooling package from the repository root (7.583458ms)
✔ release resolver CLI writes the validated version (40.413125ms)
✔ sign emits a verifiable Ed25519 catalog sidecar (10.293125ms)
✔ manifest.schema.json is byte-identical between toolchain/spec and toolchain/cli/spec (1.267625ms)
✔ flow-node.schema.json is byte-identical between toolchain/spec and toolchain/cli/spec (0.613583ms)
✔ toolchain CI covers the active app branch and all tooling runtimes (0.638917ms)
✔ toolchain release tests all Worker SDK contracts and builds every official plugin (0.191917ms)
ℹ tests 160
ℹ suites 0
ℹ pass 159
ℹ fail 1
ℹ cancelled 0
ℹ skipped 0
ℹ todo 0
ℹ duration_ms 6426.2435

✖ failing tests:

test at test/create.test.mjs:96:1
✖ scaffolds Python and Go workers with code-first contracts (42.712625ms)
  Error: spawn go ENOENT
      at ChildProcess._handle.onexit (node:internal/child_process:286:19)
      at onErrorNT (node:internal/child_process:507:16)
      at process.processTicksAndRejections (node:internal/process/task_queues:90:21) {
    errno: -2,
    code: 'ENOENT',
    syscall: 'spawn go',
    path: 'go',
    spawnargs: [ 'run', './cmd/fengyu-contract' ]
  }
