✔ inspects a normal archive and reports entry metadata (9.941875ms)
✔ rejects zip-slip traversal entries (10.50675ms)
✔ rejects duplicate entries (4.203875ms)
✔ rejects non-canonical archive path aliases (56.049291ms)
✔ rejects an archive expanding past 300 MB (2.7695ms)
✔ rejects an archive file larger than 100 MB (0.896208ms)
✔ rejects absolute archive entry paths (3.496833ms)
✔ parses the flat build command without treating option values as paths (1.446ms)
✔ parses init options (0.139292ms)
✔ unknown and valueless options are rejected (0.269708ms)
✔ standard lifecycle runs npm and Maven phases in order (161.109ms)
✔ a yarn.lock ui-src drives the lifecycle through yarn (88.875875ms)
✔ skipTests omits both test phases but keeps build/package (83.646708ms)
✔ ui build failure leaves no fyp, tmp, or staging (6.316917ms)
✔ worker build failure leaves no fyp, tmp, or staging (7.95025ms)
✔ missing worker artifact fails validation with no partial output (5.898833ms)
✔ backend manifests require a conventional Maven worker (7.544833ms)
✔ ui entry must be a regular file, not merely an existing directory (9.767625ms)
✔ packaged backend rejects an unknown field (additionalProperties: false) (12.0595ms)
✔ worker JAR Main-Class must resolve to a class entry (9.809209ms)
✔ assembleStaging copies manifest, ui output, and worker jar only (37.730875ms)
✔ legacy static plugin still packages via staging (14.353292ms)
✔ legacy vue-vite plugin runs frontend build then packages (17.276416ms)
✔ check passes a clean ui-source plugin (fresh scaffold, no install) (30.777125ms)
✔ check fails when deps are installed without a committed lockfile (9.204291ms)
✔ check passes once a lockfile is committed alongside node_modules (11.625584ms)
✔ check fails on inconsistent @infinia/* versions (12.325792ms)
✔ check fails on duplicate permissions (4.539542ms)
✔ check error is structured (carries the manifest file path) (8.139167ms)
fengyu <init|dev|check|generate|build|sign|migrate> [path] [options]
  init: --runtime <java|python|go> | --ui-only
  generate: code-first projects only (manifest.base.json)
  sign: --key <private.pem> --key-id <publisher-id>
  migrate: manifest-codegen <path> — one-shot code-first migration draft
fengyu <init|dev|check|generate|build|sign|migrate> [path] [options]
  init: --runtime <java|python|go> | --ui-only
  generate: code-first projects only (manifest.base.json)
  sign: --key <private.pem> --key-id <publisher-id>
  migrate: manifest-codegen <path> — one-shot code-first migration draft
✔ unknown subcommand throws instead of exiting 0 (0.839125ms)
✔ missing group throws (0.119917ms)
✔ non-plugin group throws (0.118875ms)
✔ explicit --help resolves (success) and prints usage (0.423083ms)
✔ resolves maven token to the wrapper script on linux (9.548917ms)
✔ resolves maven token to mvnw.cmd on windows (16.09875ms)
✔ missing wrapper throws a precise error and never falls back to system maven (0.793958ms)
✔ non-maven commands are passed through unchanged (0.207791ms)
✔ github token is mapped into the child environment for maven commands (7.715417ms)
✔ runCommand remains a thin spawner that resolves on zero exit (55.0995ms)
✔ normalizeSemver extracts the X.Y.Z core from range syntax (3.726083ms)
✔ normalizeSemver returns null for links, urls, and unresolvable specs (0.170584ms)
✔ collectNpmToolingVersions keeps only concrete @infinia/* versions (1.630167ms)
✔ collectNpmToolingVersions ignores non-infinia packages (0.113ms)
✔ extractMavenSdkVersion resolves a ${property} against the pom properties (0.359958ms)
✔ extractMavenSdkVersion reads a concrete inline version (0.213709ms)
✔ extractMavenSdkVersion returns null when the version is parent-managed (absent) (0.082625ms)
✔ extractMavenSdkVersion returns null when no sdk dependency exists (0.062042ms)
✔ checkLockfile is a no-op when deps are not installed (fresh scaffold) (16.583125ms)
✔ checkLockfile flags node_modules without a lockfile (10.878958ms)
✔ checkLockfile passes when a lockfile is committed alongside node_modules (35.68275ms)
✔ checkLockfile is a no-op for a static-UI project (no package.json root) (6.705458ms)
✔ version consistency passes when all @infinia/* agree (4.470208ms)
✔ version consistency is a no-op for workspace file: links (3.949583ms)
✔ version consistency flags disagreeing @infinia/* versions (5.2625ms)
✔ version consistency flags npm vs Maven SDK mismatch (7.629334ms)
✔ version consistency passes when npm and Maven agree on the same X.Y.Z (4.79225ms)
✔ create defaults to Vue plus Java worker (114.444541ms)
✔ full scaffold preserves the Maven wrapper mode and resolves the worker artifact (51.034042ms)
✔ full template install runs npm inside ui-src (34.002209ms)
✔ uiOnly retains the lightweight template (15.046959ms)
✔ uiOnly install runs npm in the project root (16.793792ms)
✖ scaffolds Python and Go workers with code-first contracts (111.885375ms)
✔ rejects unknown worker runtimes (0.705125ms)
✔ --no-install keeps a complete scaffold without invoking npm (17.629959ms)
✔ install failure preserves generated files (12.919667ms)
✔ rejects a plugin id that fails the canonical manifest pattern (0.468958ms)
✔ rejects a single-segment id (must have at least one separator) (0.158042ms)
✔ rejects digit-leading id segments for code scaffolds but allows them UI-only (6.001917ms)
✔ dev surfaces an actionable diagnostic when UI deps are not installed (9.082375ms)
✔ dev proceeds to npm run dev once dependencies are present (8.369709ms)
Traceback (most recent call last):
  File "/private/var/folders/tw/zybwtyfj6ys5scn32p745xnc0000gn/T/fy-dev-50faVr/python-1789745716917/worker/contract.py", line 22, in <module>
    CONTRACT = Contract("com.example.python-dev").rpc(
  File "/private/var/folders/tw/zybwtyfj6ys5scn32p745xnc0000gn/T/fy-dev-50faVr/python-1789745716917/worker/fengyu_plugin_sdk/__init__.py", line 65, in rpc
    self.methods[name]={"description":description,"inputSchema":_schema_for(input_type),"outputSchema":_schema_for(output_type)}
  File "/private/var/folders/tw/zybwtyfj6ys5scn32p745xnc0000gn/T/fy-dev-50faVr/python-1789745716917/worker/fengyu_plugin_sdk/__init__.py", line 44, in _schema_for
    elif origin in (Union,types.UnionType):
AttributeError: module 'types' has no attribute 'UnionType'
✖ code-first dev generates the manifest consumed by Vite before starting it (183.382917ms)
✔ dev requires a Vite UI source tree (1.950917ms)
✔ renderError formats a structured problem/file/fix block (0.591083ms)
✔ renderError renders a plain Error as just the problem line (no file/fix) (0.128584ms)
✔ renderError never emits ANSI color, even from an interactive-looking message (0.09425ms)
✔ stripAnsi removes color escapes (0.054917ms)
✔ FengYuCliError is an Error carrying optional metadata (0.848625ms)
✔ isInteractive is true only for a TTY without CI/NO_COLOR (0.167417ms)
✔ two consecutive TS generations are byte-for-byte identical (6.278375ms)
✔ two consecutive Java generations are byte-for-byte identical (8.012625ms)
✔ generation is independent of rpc.methods key order (0.23125ms)
✔ TS output matches the committed golden fengyu-rpc.ts (26.036125ms)
✔ Java output matches the committed golden files (110.853917ms)
✔ a manifest with no rpc.methods produces no generated files (1.4195ms)
✔ a method without outputSchema resolves its return type to unknown (0.245417ms)
✔ an unsupported JSON-schema type is rejected, not coerced (0.390042ms)
✔ writeGenerated then checkDrift reports no errors (33.287875ms)
✔ a stale generated file is reported by checkDrift (19.739875ms)
✔ a missing generated file is reported by checkDrift (11.082958ms)
✔ generatedFilesFor resolves TS and Java paths from the project model (0.234417ms)
✔ Java emits a nested record declaration for array-of-object fields (not just the reference) (0.17ms)
✔ Java emits a real enum for a closed string-enum field (constant == wire value, no @SerializedName) (0.195166ms)
✔ Java falls back to String when an enum value is not a valid Java identifier (0.110375ms)
✔ pascal() handles underscore method names: excel_complex_config → ExcelComplexConfig (0.115917ms)
✔ local consumer credentials do not leak into tooling package tests (3.826541ms)
✔ detectManifestMode rejects having both authoring sources (9.107834ms)
✔ readCodeFirstSources rejects a base that declares rpc (1.85625ms)
✔ readCodeFirstSources rejects out-of-bounds flow overlay fields (81.067166ms)
✔ merge validates IR formatVersion and pluginId against the base (0.3155ms)
✔ merge without a contract IR fails (no silent empty rpc) (0.075583ms)
✔ merge assembles rpc/aiTools/flowNodes/i18n from disjoint sources (0.52675ms)
✔ canonicalJson is deterministic and key-sorted (0.151167ms)
✔ a display-only overlay for a real result field passes validation (1.97925ms)
✔ output overlay cannot invent a field absent from the worker result (0.290875ms)
✔ flow overlays reject executable schema fields (0.601125ms)
✔ duplicate output names fail (0.140459ms)
✔ valid analyze context with flat and keyed feeds passes (0.577167ms)
✔ context method must exist in rpc.methods (0.154208ms)
✔ context params must name real parameters (0.141917ms)
✔ sessionScope=node requires a session parameter (0.143292ms)
✔ feed list must resolve to an array field (0.082ms)
✔ optionsFromContext must reference a declared feed (0.108084ms)
✔ keyedBy must reference a row field or node input (0.097209ms)
✔ validation errors carry the IR origin of the referenced rpc method (0.21475ms)
✔ minimal ui-only v2 manifest has no errors (4.661084ms)
✔ complete v2 manifest (backend + rpc + aiTools + i18n) has no errors (4.478125ms)
✔ file input metadata is typed and access-scoped (1.785334ms)
✔ file input metadata requires matching plugin permissions (28.100167ms)
✔ rejects an unknown root property (additionalProperties: false) (1.948208ms)
✔ rejects inputSchema written as an escaped JSON string (0.809708ms)
✔ rejects a duplicate rpc.methods key (raw-text duplicate-key scan) (4.30275ms)
✔ rejects an aiTools.method that is not declared in rpc.methods (0.608667ms)
✔ rejects an invalid i18n locale key (7.502208ms)
✔ duplicate aiTools names are rejected (6.560167ms)
✔ aiTools idempotent is optional boolean retry metadata (0.245542ms)
✔ a declared backend requires at least one rpc.methods entry (0.089125ms)
✔ rpc.methods timeoutSeconds outside [1, 600] is rejected (0.077584ms)
✔ backend.callTimeoutSeconds outside [1, 600] is rejected (0.052709ms)
✔ backend worker-tree resource limits are bounded (0.08ms)
✔ i18n aiTools override referencing an unknown tool is rejected (6.013916ms)
✔ validateProjectManifest resolves a v2 fixture from a real project root (16.081167ms)
✔ flowNodes referencing an unknown tool is rejected (3.419916ms)
✔ flowNode input naming a parameter the worker does not accept is rejected (3.604917ms)
✔ flowNode inputs against a parameter-less tool are rejected (0.740875ms)
✔ flowNode widget/type pairs that cannot be satisfied are rejected (0.705875ms)
✔ flowNode select options accept {value,label} pairs (0.958709ms)
✔ localized flow deltas cannot reference stale tools, ports, or properties (1.1135ms)
✔ official plugin manifests pass the flowNodes cross-check (1.825917ms)
WARNING: A terminally deprecated method in sun.misc.Unsafe has been called
WARNING: sun.misc.Unsafe::staticFieldBase has been called by com.google.inject.internal.aop.HiddenClassDefiner (file:/Users/phoebej/.m2/wrapper/dists/apache-maven-3.9.11/a2d47e15/lib/guice-5.1.0-classes.jar)
WARNING: Please consider reporting this to the maintainers of class com.google.inject.internal.aop.HiddenClassDefiner
WARNING: sun.misc.Unsafe::staticFieldBase will be removed in a future release
[INFO] Scanning for projects...
[INFO] 
[INFO] --------------< fan.summer.fengyu.plugin:plugin-markdown >--------------
[INFO] Building FengYu Plugin — Markdown 4.0.0-rc.2
[INFO]   from pom.xml
[INFO] --------------------------------[ jar ]---------------------------------
[INFO] 
[INFO] --- compiler:3.16.0:compile (fengyu-contract) @ plugin-markdown ---
[INFO] Nothing to compile - all classes are up to date.
[INFO] ------------------------------------------------------------------------
[INFO] BUILD SUCCESS
[INFO] ------------------------------------------------------------------------
[INFO] Total time:  0.310 s
[INFO] Finished at: 2026-09-18T23:35:18+08:00
[INFO] ------------------------------------------------------------------------
✔ official markdown is a standard CLI project that passes full check (1349.15025ms)
WARNING: A terminally deprecated method in sun.misc.Unsafe has been called
WARNING: sun.misc.Unsafe::staticFieldBase has been called by com.google.inject.internal.aop.HiddenClassDefiner (file:/Users/phoebej/.m2/wrapper/dists/apache-maven-3.9.11/a2d47e15/lib/guice-5.1.0-classes.jar)
WARNING: Please consider reporting this to the maintainers of class com.google.inject.internal.aop.HiddenClassDefiner
WARNING: sun.misc.Unsafe::staticFieldBase will be removed in a future release
[INFO] Scanning for projects...
[INFO] 
[INFO] ---------------< fan.summer.fengyu.plugin:plugin-excel >----------------
[INFO] Building FengYu Plugin — Excel Splitter 4.0.0-rc.2
[INFO]   from pom.xml
[INFO] --------------------------------[ jar ]---------------------------------
[INFO] 
[INFO] --- compiler:3.16.0:compile (fengyu-contract) @ plugin-excel ---
[INFO] Nothing to compile - all classes are up to date.
[INFO] ------------------------------------------------------------------------
[INFO] BUILD SUCCESS
[INFO] ------------------------------------------------------------------------
[INFO] Total time:  0.341 s
[INFO] Finished at: 2026-09-18T23:35:19+08:00
[INFO] ------------------------------------------------------------------------
✔ official excel is a standard CLI project that passes full check (1630.292125ms)
WARNING: A terminally deprecated method in sun.misc.Unsafe has been called
WARNING: sun.misc.Unsafe::staticFieldBase has been called by com.google.inject.internal.aop.HiddenClassDefiner (file:/Users/phoebej/.m2/wrapper/dists/apache-maven-3.9.11/a2d47e15/lib/guice-5.1.0-classes.jar)
WARNING: Please consider reporting this to the maintainers of class com.google.inject.internal.aop.HiddenClassDefiner
WARNING: sun.misc.Unsafe::staticFieldBase will be removed in a future release
[INFO] Scanning for projects...
[INFO] 
[INFO] ---------------< fan.summer.fengyu.plugin:plugin-email >----------------
[INFO] Building FengYu Plugin — Email Center 4.0.0-rc.2
[INFO]   from pom.xml
[INFO] --------------------------------[ jar ]---------------------------------
[INFO] 
[INFO] --- compiler:3.16.0:compile (fengyu-contract) @ plugin-email ---
[INFO] Nothing to compile - all classes are up to date.
[INFO] ------------------------------------------------------------------------
[INFO] BUILD SUCCESS
[INFO] ------------------------------------------------------------------------
[INFO] Total time:  0.395 s
[INFO] Finished at: 2026-09-18T23:35:21+08:00
[INFO] ------------------------------------------------------------------------
✔ official email is a standard CLI project that passes full check (1591.721666ms)
WARNING: A terminally deprecated method in sun.misc.Unsafe has been called
WARNING: sun.misc.Unsafe::staticFieldBase has been called by com.google.inject.internal.aop.HiddenClassDefiner (file:/Users/phoebej/.m2/wrapper/dists/apache-maven-3.9.11/a2d47e15/lib/guice-5.1.0-classes.jar)
WARNING: Please consider reporting this to the maintainers of class com.google.inject.internal.aop.HiddenClassDefiner
WARNING: sun.misc.Unsafe::staticFieldBase will be removed in a future release
[INFO] Scanning for projects...
[INFO] 
[INFO] -----------< fan.summer.fengyu.plugin:plugin-offlinepython >------------
[INFO] Building FengYu Plugin — Offline Python Builder 4.0.0-rc.2
[INFO]   from pom.xml
[INFO] --------------------------------[ jar ]---------------------------------
[INFO] 
[INFO] --- compiler:3.16.0:compile (fengyu-contract) @ plugin-offlinepython ---
[INFO] Nothing to compile - all classes are up to date.
[INFO] ------------------------------------------------------------------------
[INFO] BUILD SUCCESS
[INFO] ------------------------------------------------------------------------
[INFO] Total time:  0.251 s
[INFO] Finished at: 2026-09-18T23:35:23+08:00
[INFO] ------------------------------------------------------------------------
✔ official offlinepython is a standard CLI project that passes full check (1465.77775ms)
✔ official shell packager is removed (0.350666ms)
✔ official source packages directory is removed (0.183208ms)
✔ accepts packages with their required published files (0.674584ms)
✔ rejects missing or source-only files (0.229042ms)
✔ rejects package tests but permits generated-project test templates (0.122166ms)
✔ published tooling and generated consumers use the @infinia scope (12.096375ms)
✔ detectProject recognizes source and static standard projects (34.552667ms)
✔ resolves a tooling tag to a semantic version (0.568875ms)
✔ manual input takes precedence (0.13825ms)
✔ rejects unrelated or malformed tags (0.231583ms)
✔ rejects semantic versions with leading zeroes (0.136209ms)
✔ verifies every repository tooling package from the repository root (9.907167ms)
✔ release resolver CLI writes the validated version (42.894709ms)
✔ sign emits a verifiable Ed25519 catalog sidecar (10.25575ms)
✔ manifest.schema.json is byte-identical between toolchain/spec and toolchain/cli/spec (1.114917ms)
✔ flow-node.schema.json is byte-identical between toolchain/spec and toolchain/cli/spec (0.560042ms)
✔ toolchain CI covers the active app branch and all tooling runtimes (0.6665ms)
✔ toolchain release tests all Worker SDK contracts and builds every official plugin (0.266875ms)
ℹ tests 160
ℹ suites 0
ℹ pass 158
ℹ fail 2
ℹ cancelled 0
ℹ skipped 0
ℹ todo 0
ℹ duration_ms 6363.511542

✖ failing tests:

test at test/create.test.mjs:96:1
✖ scaffolds Python and Go workers with code-first contracts (111.885375ms)
  Error: spawn go ENOENT
      at ChildProcess._handle.onexit (node:internal/child_process:286:19)
      at onErrorNT (node:internal/child_process:507:16)
      at process.processTicksAndRejections (node:internal/process/task_queues:90:21) {
    errno: -2,
    code: 'ENOENT',
    syscall: 'spawn go',
    path: 'go',
    spawnargs: [ 'run', './cmd/fengyu-contract' ]
  }

test at test/dev.test.mjs:66:1
✖ code-first dev generates the manifest consumed by Vite before starting it (183.382917ms)
  Error: python3 contract.py exited with code 1
      at ChildProcess.<anonymous> (file:///Users/phoebej/Develop/Java/FengYu/toolchain/cli/src/commands.mjs:37:21)
      at ChildProcess.emit (node:events:509:20)
      at ChildProcess._handle.onexit (node:internal/child_process:294:12) {
    code: 1
  }
