WARNING: A terminally deprecated method in sun.misc.Unsafe has been called
WARNING: sun.misc.Unsafe::staticFieldBase has been called by com.google.inject.internal.aop.HiddenClassDefiner (file:/Users/phoebej/.m2/wrapper/dists/apache-maven-3.9.11/a2d47e15/lib/guice-5.1.0-classes.jar)
WARNING: Please consider reporting this to the maintainers of class com.google.inject.internal.aop.HiddenClassDefiner
WARNING: sun.misc.Unsafe::staticFieldBase will be removed in a future release
[INFO] Scanning for projects...
[INFO] 
[INFO] -------------< fan.summer.fengyu.sdk:fengyu-plugin-devkit >-------------
[INFO] Building FengYu Plugin DevKit 2.1.0
[INFO]   from pom.xml
[INFO] --------------------------------[ jar ]---------------------------------
[INFO] 
[INFO] --- resources:3.3.1:resources (default-resources) @ fengyu-plugin-devkit ---
[INFO] Copying 1 resource from src/main/resources to target/classes
[INFO] 
[INFO] --- compiler:3.13.0:compile (default-compile) @ fengyu-plugin-devkit ---
[INFO] Nothing to compile - all classes are up to date.
[INFO] 
[INFO] --- resources:3.3.1:testResources (default-testResources) @ fengyu-plugin-devkit ---
[INFO] skip non existing resourceDirectory /Users/phoebej/Develop/Java/FengYu/toolchain/devkit-java/src/test/resources
[INFO] 
[INFO] --- compiler:3.13.0:testCompile (default-testCompile) @ fengyu-plugin-devkit ---
[INFO] Nothing to compile - all classes are up to date.
[INFO] 
[INFO] --- surefire:3.2.5:test (default-test) @ fengyu-plugin-devkit ---
[INFO] Using auto detected provider org.apache.maven.surefire.junitplatform.JUnitPlatformProvider
[INFO] 
[INFO] -------------------------------------------------------
[INFO]  T E S T S
[INFO] -------------------------------------------------------
[INFO] Running fan.summer.fengyu.devkit.PluginDevServerTest
[fengyu-dev] FengYu dev server listening on 127.0.0.1:57727 (attach your IDE PluginDevMain; @infinia/plugin-dev Vite plugin connects here)
[fengyu-dev] dev auth token: /Users/phoebej/.fengyu/dev-token-57727 (connections must start with 'AUTH <token>')
[fengyu-dev] FengYu dev server listening on 127.0.0.1:57729 (attach your IDE PluginDevMain; @infinia/plugin-dev Vite plugin connects here)
[fengyu-dev] dev auth token: /Users/phoebej/.fengyu/dev-token-57729 (connections must start with 'AUTH <token>')
[fengyu-dev] FengYu dev server listening on 127.0.0.1:57731 (attach your IDE PluginDevMain; @infinia/plugin-dev Vite plugin connects here)
[fengyu-dev] dev auth token: /Users/phoebej/.fengyu/dev-token-57731 (connections must start with 'AUTH <token>')
[fengyu-dev] dev server: rejected connection without a valid AUTH token
[fengyu-dev] FengYu dev server listening on 127.0.0.1:57734 (attach your IDE PluginDevMain; @infinia/plugin-dev Vite plugin connects here)
[fengyu-dev] dev auth token: /Users/phoebej/.fengyu/dev-token-57734 (connections must start with 'AUTH <token>')
[fengyu-dev] FengYu dev server listening on 127.0.0.1:57736 (attach your IDE PluginDevMain; @infinia/plugin-dev Vite plugin connects here)
[fengyu-dev] dev auth token: /Users/phoebej/.fengyu/dev-token-57736 (connections must start with 'AUTH <token>')
[fengyu-dev] FengYu dev server listening on 127.0.0.1:57737 (attach your IDE PluginDevMain; @infinia/plugin-dev Vite plugin connects here)
[fengyu-dev] dev auth token: /Users/phoebej/.fengyu/dev-token-57737 (connections must start with 'AUTH <token>')
[fengyu-dev] FengYu dev server listening on 127.0.0.1:57740 (attach your IDE PluginDevMain; @infinia/plugin-dev Vite plugin connects here)
[fengyu-dev] dev auth token: /Users/phoebej/.fengyu/dev-token-57740 (connections must start with 'AUTH <token>')
[fengyu-dev] FengYu dev server listening on 127.0.0.1:57742 (attach your IDE PluginDevMain; @infinia/plugin-dev Vite plugin connects here)
[fengyu-dev] dev auth token: /Users/phoebej/.fengyu/dev-token-57742 (connections must start with 'AUTH <token>')
[fengyu-dev] dev server: rejected connection without a valid AUTH token
[INFO] Tests run: 12, Failures: 0, Errors: 0, Skipped: 0, Time elapsed: 0.130 s -- in fan.summer.fengyu.devkit.PluginDevServerTest
[INFO] 
[INFO] Results:
[INFO] 
[INFO] Tests run: 12, Failures: 0, Errors: 0, Skipped: 0
[INFO] 
[INFO] ------------------------------------------------------------------------
[INFO] BUILD SUCCESS
[INFO] ------------------------------------------------------------------------
[INFO] Total time:  1.447 s
[INFO] Finished at: 2026-09-19T12:09:40+08:00
[INFO] ------------------------------------------------------------------------
