WARNING: A terminally deprecated method in sun.misc.Unsafe has been called
WARNING: sun.misc.Unsafe::staticFieldBase has been called by com.google.inject.internal.aop.HiddenClassDefiner (file:/Users/phoebej/.m2/wrapper/dists/apache-maven-3.9.11/a2d47e15/lib/guice-5.1.0-classes.jar)
WARNING: Please consider reporting this to the maintainers of class com.google.inject.internal.aop.HiddenClassDefiner
WARNING: sun.misc.Unsafe::staticFieldBase will be removed in a future release
[INFO] Scanning for projects...
[INFO] 
[INFO] --------------< fan.summer.fengyu.sdk:fengyu-plugin-sdk >---------------
[INFO] Building FengYu Plugin Worker SDK 2.1.0
[INFO]   from pom.xml
[INFO] --------------------------------[ jar ]---------------------------------
[INFO] 
[INFO] --- resources:3.3.1:resources (default-resources) @ fengyu-plugin-sdk ---
[INFO] Copying 3 resources from src/main/resources to target/classes
[INFO] 
[INFO] --- compiler:3.13.0:compile (default-compile) @ fengyu-plugin-sdk ---
[INFO] Nothing to compile - all classes are up to date.
[INFO] 
[INFO] --- resources:3.3.1:testResources (default-testResources) @ fengyu-plugin-sdk ---
[INFO] Copying 2 resources from src/test/resources to target/test-classes
[INFO] 
[INFO] --- compiler:3.13.0:testCompile (default-testCompile) @ fengyu-plugin-sdk ---
[INFO] Nothing to compile - all classes are up to date.
[INFO] 
[INFO] --- surefire:3.2.5:test (default-test) @ fengyu-plugin-sdk ---
[INFO] Using auto detected provider org.apache.maven.surefire.junitplatform.JUnitPlatformProvider
[INFO] 
[INFO] -------------------------------------------------------
[INFO]  T E S T S
[INFO] -------------------------------------------------------
[INFO] Running fan.summer.fengyu.sdk.WorkerLocaleTest
[INFO] Tests run: 5, Failures: 0, Errors: 0, Skipped: 0, Time elapsed: 0.030 s -- in fan.summer.fengyu.sdk.WorkerLocaleTest
[INFO] Running fan.summer.fengyu.sdk.PluginMessagesTest
[INFO] Tests run: 6, Failures: 0, Errors: 0, Skipped: 0, Time elapsed: 0.013 s -- in fan.summer.fengyu.sdk.PluginMessagesTest
[INFO] Running fan.summer.fengyu.sdk.JobsTest
[INFO] Tests run: 5, Failures: 0, Errors: 0, Skipped: 0, Time elapsed: 0.085 s -- in fan.summer.fengyu.sdk.JobsTest
[INFO] Running fan.summer.fengyu.sdk.FileRefContractTest
[INFO] Tests run: 1, Failures: 0, Errors: 0, Skipped: 0, Time elapsed: 0.003 s -- in fan.summer.fengyu.sdk.FileRefContractTest
[INFO] Running fan.summer.fengyu.sdk.RpcTransportTest
@fengyu-log:{"level":"WARN","logger":"fan.summer.fengyu.sdk.JsonRpcWorker","thread":"fengyu-worker-handler-5","message":"Plugin worker dispatch failed for method\u003dboom id\u003db: java.lang.IllegalStateException\njava.lang.IllegalStateException\n\tat fan.summer.fengyu.sdk.RpcTransportTest.lambda$serveMatchesLegacyRunInputStreamOutputStream$1(RpcTransportTest.java:42)\n\tat fan.summer.fengyu.sdk.JsonRpcWorker.dispatchOne(JsonRpcWorker.java:377)\n\tat fan.summer.fengyu.sdk.JsonRpcWorker.lambda$serve$1(JsonRpcWorker.java:333)\n\tat java.base/java.util.concurrent.Executors$RunnableAdapter.call(Executors.java:545)\n\tat java.base/java.util.concurrent.FutureTask.run(FutureTask.java:328)\n\tat java.base/java.util.concurrent.ThreadPoolExecutor.runWorker(ThreadPoolExecutor.java:1090)\n\tat java.base/java.util.concurrent.ThreadPoolExecutor$Worker.run(ThreadPoolExecutor.java:614)\n\tat java.base/java.lang.Thread.run(Thread.java:1474)"}
@fengyu-log:{"level":"WARN","logger":"fan.summer.fengyu.sdk.JsonRpcWorker","thread":"fengyu-worker-handler-7","message":"Plugin worker dispatch failed for method\u003dboom id\u003db: java.lang.IllegalStateException\njava.lang.IllegalStateException\n\tat fan.summer.fengyu.sdk.RpcTransportTest.lambda$serveMatchesLegacyRunInputStreamOutputStream$3(RpcTransportTest.java:54)\n\tat fan.summer.fengyu.sdk.JsonRpcWorker.dispatchOne(JsonRpcWorker.java:377)\n\tat fan.summer.fengyu.sdk.JsonRpcWorker.lambda$serve$1(JsonRpcWorker.java:333)\n\tat java.base/java.util.concurrent.Executors$RunnableAdapter.call(Executors.java:545)\n\tat java.base/java.util.concurrent.FutureTask.run(FutureTask.java:328)\n\tat java.base/java.util.concurrent.ThreadPoolExecutor.runWorker(ThreadPoolExecutor.java:1090)\n\tat java.base/java.util.concurrent.ThreadPoolExecutor$Worker.run(ThreadPoolExecutor.java:614)\n\tat java.base/java.lang.Thread.run(Thread.java:1474)"}
[INFO] Tests run: 8, Failures: 0, Errors: 0, Skipped: 0, Time elapsed: 0.033 s -- in fan.summer.fengyu.sdk.RpcTransportTest
[INFO] Running fan.summer.fengyu.sdk.PluginHandlerSupportTest
[INFO] Tests run: 2, Failures: 0, Errors: 0, Skipped: 0, Time elapsed: 0.002 s -- in fan.summer.fengyu.sdk.PluginHandlerSupportTest
[INFO] Running fan.summer.fengyu.sdk.TypedAndCancellationTest
[INFO] Tests run: 9, Failures: 0, Errors: 0, Skipped: 0, Time elapsed: 5.044 s -- in fan.summer.fengyu.sdk.TypedAndCancellationTest
[INFO] Running fan.summer.fengyu.sdk.PluginDatabaseConfigTest
[INFO] Tests run: 3, Failures: 0, Errors: 0, Skipped: 0, Time elapsed: 0.014 s -- in fan.summer.fengyu.sdk.PluginDatabaseConfigTest
[INFO] Running fan.summer.fengyu.sdk.JsonRpcWorkerTest
@fengyu-log:{"level":"INFO","logger":"fan.summer.fengyu.sdk.JsonRpcWorker","thread":"main","message":"Plugin worker started"}
@fengyu-log:{"level":"INFO","logger":"fan.summer.fengyu.sdk.JsonRpcWorker","thread":"main","message":"Plugin worker shutting down"}
@fengyu-log:{"level":"INFO","logger":"fan.summer.fengyu.sdk.JsonRpcWorker","thread":"watchdog-test-runner","message":"Plugin worker started"}
@fengyu-log:{"level":"WARN","logger":"fan.summer.fengyu.sdk.JsonRpcWorker","thread":"fengyu-worker-parent-watchdog","message":"Plugin worker parent process exited; watchdog shutting down worker"}
@fengyu-log:{"level":"INFO","logger":"fan.summer.fengyu.sdk.JsonRpcWorker","thread":"watchdog-test-runner","message":"Plugin worker shutting down"}
@fengyu-log:{"level":"INFO","logger":"fan.summer.fengyu.sdk.JsonRpcWorker","thread":"main","message":"Plugin worker started"}
@fengyu-log:{"level":"INFO","logger":"fan.summer.fengyu.sdk.JsonRpcWorker","thread":"main","message":"Plugin worker shutting down"}
[INFO] Tests run: 13, Failures: 0, Errors: 0, Skipped: 0, Time elapsed: 1.055 s -- in fan.summer.fengyu.sdk.JsonRpcWorkerTest
[INFO] Running fan.summer.fengyu.sdk.PluginLoggingTest
[INFO] Tests run: 4, Failures: 0, Errors: 0, Skipped: 0, Time elapsed: 0.006 s -- in fan.summer.fengyu.sdk.PluginLoggingTest
[INFO] 
[INFO] Results:
[INFO] 
[INFO] Tests run: 56, Failures: 0, Errors: 0, Skipped: 0
[INFO] 
[INFO] ------------------------------------------------------------------------
[INFO] BUILD SUCCESS
[INFO] ------------------------------------------------------------------------
[INFO] Total time:  7.721 s
[INFO] Finished at: 2026-09-19T12:09:47+08:00
[INFO] ------------------------------------------------------------------------
