
 RUN  v3.2.7 /Users/phoebej/Develop/Java/FengYu/toolchain/ui

 ✓ test/wizard-state.test.ts (10 tests) 9ms
 ✓ test/refinement.test.ts (5 tests) 2ms
stderr | test/sdk-components.test.ts
[fengyu-sdk] no allowedOrigin resolved: the embedding shell must append ?shellOrigin=<its origin> to the plugin URL (or the option must be passed). Refusing to bridge — no wildcard postMessage.

stderr | test/app.test.ts
[fengyu-sdk] no allowedOrigin resolved: the embedding shell must append ?shellOrigin=<its origin> to the plugin URL (or the option must be passed). Refusing to bridge — no wildcard postMessage.

stderr | test/icon.test.ts
[fengyu-sdk] no allowedOrigin resolved: the embedding shell must append ?shellOrigin=<its origin> to the plugin URL (or the option must be passed). Refusing to bridge — no wildcard postMessage.

stderr | test/workflow-components.test.ts
[fengyu-sdk] no allowedOrigin resolved: the embedding shell must append ?shellOrigin=<its origin> to the plugin URL (or the option must be passed). Refusing to bridge — no wildcard postMessage.

stderr | test/layout-and-states.test.ts
[fengyu-sdk] no allowedOrigin resolved: the embedding shell must append ?shellOrigin=<its origin> to the plugin URL (or the option must be passed). Refusing to bridge — no wildcard postMessage.

stderr | test/environment.test.ts
[fengyu-sdk] no allowedOrigin resolved: the embedding shell must append ?shellOrigin=<its origin> to the plugin URL (or the option must be passed). Refusing to bridge — no wildcard postMessage.

stderr | test/theme.test.ts
[fengyu-sdk] no allowedOrigin resolved: the embedding shell must append ?shellOrigin=<its origin> to the plugin URL (or the option must be passed). Refusing to bridge — no wildcard postMessage.

stderr | test/i18n.test.ts
[fengyu-sdk] no allowedOrigin resolved: the embedding shell must append ?shellOrigin=<its origin> to the plugin URL (or the option must be passed). Refusing to bridge — no wildcard postMessage.

 ✓ test/i18n.test.ts (2 tests) 2ms
 ✓ test/environment.test.ts (3 tests) 7ms
 ✓ test/app.test.ts (1 test) 54ms
 ✓ test/theme.test.ts (2 tests) 4ms
 ✓ test/icon.test.ts (4 tests) 63ms
 ✓ test/sdk-components.test.ts (13 tests) 285ms
 ✓ test/layout-and-states.test.ts (13 tests) 432ms
 ✓ test/workflow-components.test.ts (47 tests) 838ms

 Test Files  10 passed (10)
      Tests  100 passed (100)
   Start at  23:38:33
   Duration  4.96s (transform 2.04s, setup 101ms, collect 23.48s, tests 1.70s, environment 6.81s, prepare 833ms)

